#META date=2026-09-08T19:49:48+00:00
#META machine_id=adbe98c49884
#META host_os=desconocido
#META hostname=adbe98c49884
#META cpu_model=desconocido
#META arch=aarch64
#META cores_logicos=12
#META cores_fisicos=12
#META mem_total_kb=8126204
#META mem_available_kb=7432932
#META llc_total_bytes=67108864
#META llc_level=2
#META cache_detection_ok=0
#META uname=Linux adbe98c49884 6.12.76-linuxkit #1 SMP Sat Jul 11 11:18:11 UTC 2026 aarch64 aarch64 aarch64 GNU/Linux
#META gcc_version=gcc (Ubuntu 13.3.0-6ubuntu2~24.04.1) 13.3.0
#META mpirun_version=mpirun (Open MPI) 4.1.6
#META openblas_path=/usr/lib/aarch64-linux-gnu/openblas-pthread/libopenblasp-r0.3.26.so
#META run_params=benchmark=npb kernel=ep class=B mode=omp parallelism=2
#META npb_kernel=ep
#META npb_class=B
#META npb_mode=omp
#META npb_binary=/work/benchmarks/NPB3.4.3/NPB3.4-OMP/bin/ep.B.x
---


 NAS Parallel Benchmarks (NPB3.4-OMP) - EP Benchmark

 Number of random numbers generated:      2147483648
 Number of available threads:                      2

EP Benchmark Results:

CPU Time =     3.653
N = 2^   30
No. Gaussian Pairs =     843345606.
Sums =     6.728927543425421D+08    6.728951822507781D+08
Counts:
  0     393058470.
  1     375280898.
  2      70460742.
  3       4438852.
  4        105691.
  5           948.
  6             5.
  7             0.
  8             0.
  9             0.


 EP Benchmark Completed.
 Class           =                        B
 Size            =               2147483648
 Iterations      =                        0
 Time in seconds =                     3.65
 Total threads   =                        2
 Avail threads   =                        2
 Mop/s total     =                   587.92
 Mop/s/thread    =                   293.96
 Operation type  = Random numbers generated
 Verification    =               SUCCESSFUL
 Version         =                    3.4.3
 Compile date    =              08 Sep 2026

 Compile options:
    FC           = gfortran
    FLINK        = $(FC)
    F_LIB        = (none)
    F_INC        = (none)
    FFLAGS       = -O3 -march=native -fopenmp -fallow-argument...
    FLINKFLAGS   = -O3 -march=native -fopenmp
    RAND         = randi8


 Please send all errors/feedbacks to:

 NPB Development Team
 npb@nas.nasa.gov


