#META date=2026-09-08T19:46:15+00:00
#META machine_id=7b691a2fdd4c
#META host_os=desconocido
#META hostname=7b691a2fdd4c
#META cpu_model=desconocido
#META arch=aarch64
#META cores_logicos=12
#META cores_fisicos=12
#META mem_total_kb=8126204
#META mem_available_kb=7386116
#META llc_total_bytes=67108864
#META llc_level=2
#META cache_detection_ok=0
#META uname=Linux 7b691a2fdd4c 6.12.76-linuxkit #1 SMP Sat Jul 11 11:18:11 UTC 2026 aarch64 aarch64 aarch64 GNU/Linux
#META gcc_version=gcc (Ubuntu 13.3.0-6ubuntu2~24.04.1) 13.3.0
#META mpirun_version=mpirun (Open MPI) 4.1.6
#META openblas_path=/usr/lib/aarch64-linux-gnu/openblas-pthread/libopenblasp-r0.3.26.so
#META run_params=benchmark=npb kernel=ep class=A mode=mpi parallelism=8
#META npb_kernel=ep
#META npb_class=A
#META npb_mode=mpi
#META npb_binary=/work/benchmarks/NPB3.4.3/NPB3.4-MPI/bin/ep.A.x
---

 NAS Parallel Benchmarks 3.4 -- EP Benchmark

 Number of random numbers generated:       536870912  (class A)
 Total number of processes:                        8

EP Benchmark Results:

CPU Time =     0.240
N = 2^   28
No. Gaussian Pairs =     210832767.
Sums =     1.682235632304813D+08    1.682195123368300D+08
Counts:
  0      98257395.
  1      93827014.
  2      17611549.
  3       1110028.
  4         26536.
  5           245.
  6             0.
  7             0.
  8             0.
  9             0.


 EP Benchmark Completed.
 Class           =                        A
 Size            =                536870912
 Iterations      =                        0
 Time in seconds =                     0.24
 Total processes =                        8
 Active processes=                        8
 Mop/s total     =                  2235.91
 Mop/s/process   =                   279.49
 Operation type  = Random numbers generated
 Verification    =               SUCCESSFUL
 Version         =                    3.4.3
 Compile date    =              08 Sep 2026

 Compile options:
    MPIFC        = mpifort
    FLINK        = $(MPIFC)
    FMPI_LIB     = (none)
    FMPI_INC     = (none)
    FFLAGS       = -O3 -march=native -fallow-argument-mismatch
    FLINKFLAGS   = -O3 -march=native
    RAND         = randi8


 Please send feedbacks and/or the results of this run to:

 NPB Development Team 
 Internet: npb@nas.nasa.gov


