#META date=2026-09-08T19:51:14+00:00
#META machine_id=adbe98c49884
#META host_os=desconocido
#META hostname=adbe98c49884
#META cpu_model=desconocido
#META arch=aarch64
#META cores_logicos=12
#META cores_fisicos=12
#META mem_total_kb=8126204
#META mem_available_kb=7417644
#META llc_total_bytes=67108864
#META llc_level=2
#META cache_detection_ok=0
#META uname=Linux adbe98c49884 6.12.76-linuxkit #1 SMP Sat Jul 11 11:18:11 UTC 2026 aarch64 aarch64 aarch64 GNU/Linux
#META gcc_version=gcc (Ubuntu 13.3.0-6ubuntu2~24.04.1) 13.3.0
#META mpirun_version=mpirun (Open MPI) 4.1.6
#META openblas_path=/usr/lib/aarch64-linux-gnu/openblas-pthread/libopenblasp-r0.3.26.so
#META run_params=benchmark=npb kernel=cg class=C mode=omp parallelism=2
#META npb_kernel=cg
#META npb_class=C
#META npb_mode=omp
#META npb_binary=/work/benchmarks/NPB3.4.3/NPB3.4-OMP/bin/cg.C.x
---


 NAS Parallel Benchmarks (NPB3.4-OMP) - CG Benchmark

 Size:      150000
 Iterations:                     75
 Number of available threads:     2

 Initialization time =           3.420 seconds

   iteration           ||r||                 zeta
        1       0.35167913883564E-12   109.9994423237398
        5       0.88431332986092E-15    28.6471670038882
       10       0.90639255580091E-15    28.9496695449005
       15       0.89951412771669E-15    28.9716336228368
       20       0.91223274187998E-15    28.9734210663758
       25       0.90336833101087E-15    28.9735863059383
       30       0.90502870122445E-15    28.9736033967627
       35       0.90724673825452E-15    28.9736053266252
       40       0.90135710102504E-15    28.9736055590703
       45       0.90195504736933E-15    28.9736055884132
       50       0.90375258973641E-15    28.9736055922487
       55       0.89848447673265E-15    28.9736055927623
       60       0.89994597142372E-15    28.9736055928346
       65       0.89842557600630E-15    28.9736055928435
       70       0.89624808190918E-15    28.9736055928450
       75       0.89625562096023E-15    28.9736055928458
 Benchmark completed 
 VERIFICATION SUCCESSFUL 
 Zeta is     0.2897360559285E+02
 Error is    0.2611784063808E-13


 CG Benchmark Completed.
 Class           =                        C
 Size            =                   150000
 Iterations      =                       75
 Time in seconds =                    27.53
 Total threads   =                        2
 Avail threads   =                        2
 Mop/s total     =                  5206.39
 Mop/s/thread    =                  2603.19
 Operation type  =           floating point
 Verification    =               SUCCESSFUL
 Version         =                    3.4.3
 Compile date    =              08 Sep 2026

 Compile options:
    FC           = gfortran
    FLINK        = $(FC)
    F_LIB        = (none)
    F_INC        = (none)
    FFLAGS       = -O3 -march=native -fopenmp -fallow-argument...
    FLINKFLAGS   = -O3 -march=native -fopenmp
    RAND         = randi8


 Please send all errors/feedbacks to:

 NPB Development Team
 npb@nas.nasa.gov


