#META date=2026-09-08T19:49:23+00:00
#META machine_id=adbe98c49884
#META host_os=desconocido
#META hostname=adbe98c49884
#META cpu_model=desconocido
#META arch=aarch64
#META cores_logicos=12
#META cores_fisicos=12
#META mem_total_kb=8126204
#META mem_available_kb=7432932
#META llc_total_bytes=67108864
#META llc_level=2
#META cache_detection_ok=0
#META uname=Linux adbe98c49884 6.12.76-linuxkit #1 SMP Sat Jul 11 11:18:11 UTC 2026 aarch64 aarch64 aarch64 GNU/Linux
#META gcc_version=gcc (Ubuntu 13.3.0-6ubuntu2~24.04.1) 13.3.0
#META mpirun_version=mpirun (Open MPI) 4.1.6
#META openblas_path=/usr/lib/aarch64-linux-gnu/openblas-pthread/libopenblasp-r0.3.26.so
#META run_params=benchmark=npb kernel=cg class=B mode=mpi parallelism=2
#META npb_kernel=cg
#META npb_class=B
#META npb_mode=mpi
#META npb_binary=/work/benchmarks/NPB3.4.3/NPB3.4-MPI/bin/cg.B.x
---


 NAS Parallel Benchmarks 3.4 -- CG Benchmark

 Size:      75000  (class B)
 Iterations:    75
 Number of nonzeroes per row:       13
 Eigenvalue shift:    60.000
 Total number of processes:      2

   iteration           ||r||                 zeta
        1       0.22485861951603E-12    59.9994751578754
        5       0.94235348319506E-15    22.6275390653893
       10       0.95943639454685E-15    22.7108351397173
       15       0.95426364941929E-15    22.7126844161815
       20       0.94814248383463E-15    22.7127429721363
       25       0.94933348493723E-15    22.7127453628459
       30       0.94322475378567E-15    22.7127454763706
       35       0.95266510268681E-15    22.7127454822838
       40       0.95129676304529E-15    22.7127454826112
       45       0.94237482133721E-15    22.7127454826306
       50       0.94819227197002E-15    22.7127454826317
       55       0.93516672936722E-15    22.7127454826321
       60       0.93948451042418E-15    22.7127454826318
       65       0.93891454963743E-15    22.7127454826315
       70       0.94214103357102E-15    22.7127454826317
       75       0.93423005796638E-15    22.7127454826317
 Benchmark completed 
 VERIFICATION SUCCESSFUL 
 Zeta is     0.2271274548263E+02
 Error is    0.3222239329862E-13


 CG Benchmark Completed.
 Class           =                        B
 Size            =                    75000
 Iterations      =                       75
 Time in seconds =                     9.33
 Total processes =                        2
 Active processes=                        2
 Mop/s total     =                  5865.77
 Mop/s/process   =                  2932.89
 Operation type  =           floating point
 Verification    =               SUCCESSFUL
 Version         =                    3.4.3
 Compile date    =              08 Sep 2026

 Compile options:
    MPIFC        = mpifort
    FLINK        = $(MPIFC)
    FMPI_LIB     = (none)
    FMPI_INC     = (none)
    FFLAGS       = -O3 -march=native -fallow-argument-mismatch
    FLINKFLAGS   = -O3 -march=native
    RAND         = randi8


 Please send feedbacks and/or the results of this run to:

 NPB Development Team 
 Internet: npb@nas.nasa.gov


