#META date=2026-09-08T06:19:49+00:00
#META machine_id=581449b0732d
#META host_os=desconocido
#META hostname=581449b0732d
#META cpu_model=AMD Ryzen 7 8845HS w/ Radeon 780M Graphics
#META arch=x86_64
#META cores_logicos=16
#META cores_fisicos=8
#META mem_total_kb=7747776
#META mem_available_kb=6833780
#META llc_total_bytes=16777216
#META llc_level=3
#META cache_detection_ok=1
#META uname=Linux 581449b0732d 6.6.87.2-microsoft-standard-WSL2 #1 SMP PREEMPT_DYNAMIC Thu Jun  5 18:30:46 UTC 2025 x86_64 x86_64 x86_64 GNU/Linux
#META gcc_version=gcc (Ubuntu 13.3.0-6ubuntu2~24.04.1) 13.3.0
#META mpirun_version=mpirun (Open MPI) 4.1.6
#META openblas_path=/usr/lib/x86_64-linux-gnu/openblas-pthread/libopenblasp-r0.3.26.so
#META run_params=nprocs=2 threads=4 seconds=5
#META hpcg_binary=/work/benchmarks/hpcg/build/bin/xhpcg
---
--- HPCG-Benchmark summary ---
HPCG-Benchmark
version=3.1
Release date=March 28, 2019
Machine Summary=
Machine Summary::Distributed Processes=2
Machine Summary::Threads per processes=4
Global Problem Dimensions=
Global Problem Dimensions::Global nx=112
Global Problem Dimensions::Global ny=56
Global Problem Dimensions::Global nz=56
Processor Dimensions=
Processor Dimensions::npx=2
Processor Dimensions::npy=1
Processor Dimensions::npz=1
Local Domain Dimensions=
Local Domain Dimensions::nx=56
Local Domain Dimensions::ny=56
Local Domain Dimensions::Lower ipz=0
Local Domain Dimensions::Upper ipz=0
Local Domain Dimensions::nz=56
########## Problem Summary  ##########=
Setup Information=
Setup Information::Setup Time=0.228272
Linear System Information=
Linear System Information::Number of Equations=351232
Linear System Information::Number of Nonzero Terms=9203704
Multigrid Information=
Multigrid Information::Number of coarse grid levels=3
Multigrid Information::Coarse Grids=
Multigrid Information::Coarse Grids::Grid Level=1
Multigrid Information::Coarse Grids::Number of Equations=43904
Multigrid Information::Coarse Grids::Number of Nonzero Terms=1116184
Multigrid Information::Coarse Grids::Number of Presmoother Steps=1
Multigrid Information::Coarse Grids::Number of Postsmoother Steps=1
Multigrid Information::Coarse Grids::Grid Level=2
Multigrid Information::Coarse Grids::Number of Equations=5488
Multigrid Information::Coarse Grids::Number of Nonzero Terms=131200
Multigrid Information::Coarse Grids::Number of Presmoother Steps=1
Multigrid Information::Coarse Grids::Number of Postsmoother Steps=1
Multigrid Information::Coarse Grids::Grid Level=3
Multigrid Information::Coarse Grids::Number of Equations=686
Multigrid Information::Coarse Grids::Number of Nonzero Terms=14440
Multigrid Information::Coarse Grids::Number of Presmoother Steps=1
Multigrid Information::Coarse Grids::Number of Postsmoother Steps=1
########## Memory Use Summary  ##########=
Memory Use Information=
Memory Use Information::Total memory used for data (Gbytes)=0.251169
Memory Use Information::Memory used for OptimizeProblem data (Gbytes)=0
Memory Use Information::Bytes per equation (Total memory / Number of Equations)=715.109
Memory Use Information::Memory used for linear system and CG (Gbytes)=0.221025
Memory Use Information::Coarse Grids=
Memory Use Information::Coarse Grids::Grid Level=1
Memory Use Information::Coarse Grids::Memory used=0.0264213
Memory Use Information::Coarse Grids::Grid Level=2
Memory Use Information::Coarse Grids::Memory used=0.00330742
Memory Use Information::Coarse Grids::Grid Level=3
Memory Use Information::Coarse Grids::Memory used=0.000414954
########## V&V Testing Summary  ##########=
Spectral Convergence Tests=
Spectral Convergence Tests::Result=PASSED
Spectral Convergence Tests::Unpreconditioned=
Spectral Convergence Tests::Unpreconditioned::Maximum iteration count=11
Spectral Convergence Tests::Unpreconditioned::Expected iteration count=12
Spectral Convergence Tests::Preconditioned=
Spectral Convergence Tests::Preconditioned::Maximum iteration count=2
Spectral Convergence Tests::Preconditioned::Expected iteration count=2
Departure from Symmetry |x'Ay-y'Ax|/(2*||x||*||A||*||y||)/epsilon=
Departure from Symmetry |x'Ay-y'Ax|/(2*||x||*||A||*||y||)/epsilon::Result=PASSED
Departure from Symmetry |x'Ay-y'Ax|/(2*||x||*||A||*||y||)/epsilon::Departure for SpMV=5.25208e-08
Departure from Symmetry |x'Ay-y'Ax|/(2*||x||*||A||*||y||)/epsilon::Departure for MG=9.37872e-09
########## Iterations Summary  ##########=
Iteration Count Information=
Iteration Count Information::Result=PASSED
Iteration Count Information::Reference CG iterations per set=50
Iteration Count Information::Optimized CG iterations per set=50
Iteration Count Information::Total number of reference iterations=250
Iteration Count Information::Total number of optimized iterations=250
########## Reproducibility Summary  ##########=
Reproducibility Information=
Reproducibility Information::Result=PASSED
Reproducibility Information::Scaled residual mean=5.15067e-10
Reproducibility Information::Scaled residual variance=5.10617e-43
########## Performance Summary (times in sec) ##########=
Benchmark Time Summary=
Benchmark Time Summary::Optimization phase=3.31e-07
Benchmark Time Summary::DDOT=0.116699
Benchmark Time Summary::WAXPBY=0.046385
Benchmark Time Summary::SpMV=0.777021
Benchmark Time Summary::MG=4.97516
Benchmark Time Summary::Total=5.91604
Floating Point Operations Summary=
Floating Point Operations Summary::Raw DDOT=5.3036e+08
Floating Point Operations Summary::Raw WAXPBY=5.3036e+08
Floating Point Operations Summary::Raw SpMV=4.69389e+09
Floating Point Operations Summary::Raw MG=2.61422e+10
Floating Point Operations Summary::Total=3.18968e+10
Floating Point Operations Summary::Total with convergence overhead=3.18968e+10
GB/s Summary=
GB/s Summary::Raw Read B/W=33.2357
GB/s Summary::Raw Write B/W=7.68165
GB/s Summary::Raw Total B/W=40.9174
GB/s Summary::Total with convergence and optimization phase overhead=40.1429
GFLOP/s Summary=
GFLOP/s Summary::Raw DDOT=4.54469
GFLOP/s Summary::Raw WAXPBY=11.4339
GFLOP/s Summary::Raw SpMV=6.04088
GFLOP/s Summary::Raw MG=5.25453
GFLOP/s Summary::Raw Total=5.39158
GFLOP/s Summary::Total with convergence overhead=5.39158
GFLOP/s Summary::Total with convergence and optimization phase overhead=5.28953
User Optimization Overheads=
User Optimization Overheads::Optimization phase time (sec)=3.31e-07
User Optimization Overheads::Optimization phase time vs reference SpMV+MG time=1.37439e-05
DDOT Timing Variations=
DDOT Timing Variations::Min DDOT MPI_Allreduce time=0.051023
DDOT Timing Variations::Max DDOT MPI_Allreduce time=0.117222
DDOT Timing Variations::Avg DDOT MPI_Allreduce time=0.0841223
Final Summary=
Final Summary::HPCG result is VALID with a GFLOP/s rating of=5.28953
Final Summary::HPCG 2.4 rating for historical reasons is=5.39158
Final Summary::Reference version of ComputeDotProduct used=Performance results are most likely suboptimal
Final Summary::Reference version of ComputeSPMV used=Performance results are most likely suboptimal
Final Summary::Reference version of ComputeMG used and number of threads greater than 1=Performance results are severely suboptimal
Final Summary::Reference version of ComputeWAXPBY used=Performance results are most likely suboptimal
Final Summary::Results are valid but execution time (sec) is=5.91604
Final Summary::Official results execution time (sec) must be at least=1800
