#META date=2026-09-08T19:46:08+00:00
#META machine_id=7b691a2fdd4c
#META host_os=desconocido
#META hostname=7b691a2fdd4c
#META cpu_model=desconocido
#META arch=aarch64
#META cores_logicos=12
#META cores_fisicos=12
#META mem_total_kb=8126204
#META mem_available_kb=7386116
#META llc_total_bytes=67108864
#META llc_level=2
#META cache_detection_ok=0
#META uname=Linux 7b691a2fdd4c 6.12.76-linuxkit #1 SMP Sat Jul 11 11:18:11 UTC 2026 aarch64 aarch64 aarch64 GNU/Linux
#META gcc_version=gcc (Ubuntu 13.3.0-6ubuntu2~24.04.1) 13.3.0
#META mpirun_version=mpirun (Open MPI) 4.1.6
#META openblas_path=/usr/lib/aarch64-linux-gnu/openblas-pthread/libopenblasp-r0.3.26.so
#META run_params=benchmark=npb kernel=cg class=A mode=mpi parallelism=2
#META npb_kernel=cg
#META npb_class=A
#META npb_mode=mpi
#META npb_binary=/work/benchmarks/NPB3.4.3/NPB3.4-MPI/bin/cg.A.x
---


 NAS Parallel Benchmarks 3.4 -- CG Benchmark

 Size:      14000  (class A)
 Iterations:    15
 Number of nonzeroes per row:       11
 Eigenvalue shift:    20.000
 Total number of processes:      2

   iteration           ||r||                 zeta
        1       0.30580929470584E-12    19.9997581277040
        5       0.30293644921136E-14    17.1302338856353
       10       0.29872989719528E-14    17.1302350540284
       15       0.29700431855610E-14    17.1302350540299
 Benchmark completed 
 VERIFICATION SUCCESSFUL 
 Zeta is     0.1713023505403E+02
 Error is    0.5226337199892E-13


 CG Benchmark Completed.
 Class           =                        A
 Size            =                    14000
 Iterations      =                       15
 Time in seconds =                     0.17
 Total processes =                        2
 Active processes=                        2
 Mop/s total     =                  8801.96
 Mop/s/process   =                  4400.98
 Operation type  =           floating point
 Verification    =               SUCCESSFUL
 Version         =                    3.4.3
 Compile date    =              08 Sep 2026

 Compile options:
    MPIFC        = mpifort
    FLINK        = $(MPIFC)
    FMPI_LIB     = (none)
    FMPI_INC     = (none)
    FFLAGS       = -O3 -march=native -fallow-argument-mismatch
    FLINKFLAGS   = -O3 -march=native
    RAND         = randi8


 Please send feedbacks and/or the results of this run to:

 NPB Development Team 
 Internet: npb@nas.nasa.gov


