#META date=2026-09-08T19:49:38+00:00
#META machine_id=adbe98c49884
#META host_os=desconocido
#META hostname=adbe98c49884
#META cpu_model=desconocido
#META arch=aarch64
#META cores_logicos=12
#META cores_fisicos=12
#META mem_total_kb=8126204
#META mem_available_kb=7432932
#META llc_total_bytes=67108864
#META llc_level=2
#META cache_detection_ok=0
#META uname=Linux adbe98c49884 6.12.76-linuxkit #1 SMP Sat Jul 11 11:18:11 UTC 2026 aarch64 aarch64 aarch64 GNU/Linux
#META gcc_version=gcc (Ubuntu 13.3.0-6ubuntu2~24.04.1) 13.3.0
#META mpirun_version=mpirun (Open MPI) 4.1.6
#META openblas_path=/usr/lib/aarch64-linux-gnu/openblas-pthread/libopenblasp-r0.3.26.so
#META run_params=benchmark=npb kernel=cg class=B mode=mpi parallelism=8
#META npb_kernel=cg
#META npb_class=B
#META npb_mode=mpi
#META npb_binary=/work/benchmarks/NPB3.4.3/NPB3.4-MPI/bin/cg.B.x
---


 NAS Parallel Benchmarks 3.4 -- CG Benchmark

 Size:      75000  (class B)
 Iterations:    75
 Number of nonzeroes per row:       13
 Eigenvalue shift:    60.000
 Total number of processes:      8

   iteration           ||r||                 zeta
        1       0.16731145702617E-12    59.9994751578754
        5       0.74210747180521E-15    22.6275390653891
       10       0.75385104348270E-15    22.7108351397172
       15       0.74644868466857E-15    22.7126844161816
       20       0.74711954567820E-15    22.7127429721365
       25       0.74386757079789E-15    22.7127453628460
       30       0.74277140964410E-15    22.7127454763705
       35       0.74054655567688E-15    22.7127454822834
       40       0.74002769731371E-15    22.7127454826115
       45       0.74191520933514E-15    22.7127454826305
       50       0.73502133617252E-15    22.7127454826316
       55       0.72920101798127E-15    22.7127454826316
       60       0.72567308801080E-15    22.7127454826315
       65       0.72327074512278E-15    22.7127454826316
       70       0.72349088651019E-15    22.7127454826318
       75       0.72483757487207E-15    22.7127454826317
 Benchmark completed 
 VERIFICATION SUCCESSFUL 
 Zeta is     0.2271274548263E+02
 Error is    0.3128387698896E-13


 CG Benchmark Completed.
 Class           =                        B
 Size            =                    75000
 Iterations      =                       75
 Time in seconds =                     2.57
 Total processes =                        8
 Active processes=                        8
 Mop/s total     =                 21301.64
 Mop/s/process   =                  2662.71
 Operation type  =           floating point
 Verification    =               SUCCESSFUL
 Version         =                    3.4.3
 Compile date    =              08 Sep 2026

 Compile options:
    MPIFC        = mpifort
    FLINK        = $(MPIFC)
    FMPI_LIB     = (none)
    FMPI_INC     = (none)
    FFLAGS       = -O3 -march=native -fallow-argument-mismatch
    FLINKFLAGS   = -O3 -march=native
    RAND         = randi8


 Please send feedbacks and/or the results of this run to:

 NPB Development Team 
 Internet: npb@nas.nasa.gov


