#META date=2026-09-08T19:48:21+00:00
#META machine_id=adbe98c49884
#META host_os=desconocido
#META hostname=adbe98c49884
#META cpu_model=desconocido
#META arch=aarch64
#META cores_logicos=12
#META cores_fisicos=12
#META mem_total_kb=8126204
#META mem_available_kb=7432932
#META llc_total_bytes=67108864
#META llc_level=2
#META cache_detection_ok=0
#META uname=Linux adbe98c49884 6.12.76-linuxkit #1 SMP Sat Jul 11 11:18:11 UTC 2026 aarch64 aarch64 aarch64 GNU/Linux
#META gcc_version=gcc (Ubuntu 13.3.0-6ubuntu2~24.04.1) 13.3.0
#META mpirun_version=mpirun (Open MPI) 4.1.6
#META openblas_path=/usr/lib/aarch64-linux-gnu/openblas-pthread/libopenblasp-r0.3.26.so
#META run_params=benchmark=npb kernel=cg class=B mode=omp parallelism=1
#META npb_kernel=cg
#META npb_class=B
#META npb_mode=omp
#META npb_binary=/work/benchmarks/NPB3.4.3/NPB3.4-OMP/bin/cg.B.x
---


 NAS Parallel Benchmarks (NPB3.4-OMP) - CG Benchmark

 Size:       75000
 Iterations:                     75
 Number of available threads:     1

 Initialization time =           2.042 seconds

   iteration           ||r||                 zeta
        1       0.22635876552752E-12    59.9994751578754
        5       0.86149481376078E-15    22.6275390653892
       10       0.87274402522297E-15    22.7108351397177
       15       0.85847693189129E-15    22.7126844161819
       20       0.87073855687691E-15    22.7127429721364
       25       0.86554565224053E-15    22.7127453628451
       30       0.87221955391490E-15    22.7127454763703
       35       0.86614918480816E-15    22.7127454822840
       40       0.86539923877317E-15    22.7127454826116
       45       0.86432680236284E-15    22.7127454826310
       50       0.85942395396481E-15    22.7127454826322
       55       0.85781738015308E-15    22.7127454826315
       60       0.85101141962911E-15    22.7127454826318
       65       0.85613588874034E-15    22.7127454826309
       70       0.85349384078239E-15    22.7127454826326
       75       0.85145602046380E-15    22.7127454826310
 Benchmark completed 
 VERIFICATION SUCCESSFUL 
 Zeta is     0.2271274548263E+02
 Error is    0.9385163096687E-15


 CG Benchmark Completed.
 Class           =                        B
 Size            =                    75000
 Iterations      =                       75
 Time in seconds =                    18.18
 Total threads   =                        1
 Avail threads   =                        1
 Mop/s total     =                  3009.21
 Mop/s/thread    =                  3009.21
 Operation type  =           floating point
 Verification    =               SUCCESSFUL
 Version         =                    3.4.3
 Compile date    =              08 Sep 2026

 Compile options:
    FC           = gfortran
    FLINK        = $(FC)
    F_LIB        = (none)
    F_INC        = (none)
    FFLAGS       = -O3 -march=native -fopenmp -fallow-argument...
    FLINKFLAGS   = -O3 -march=native -fopenmp
    RAND         = randi8


 Please send all errors/feedbacks to:

 NPB Development Team
 npb@nas.nasa.gov


