#META date=2026-09-09T04:57:17+00:00
#META machine_id=bf5073889b4c
#META host_os=desconocido
#META hostname=bf5073889b4c
#META cpu_model=desconocido
#META arch=aarch64
#META cores_logicos=12
#META cores_fisicos=12
#META mem_total_kb=8126204
#META mem_available_kb=7443516
#META llc_total_bytes=67108864
#META llc_level=2
#META cache_detection_ok=0
#META uname=Linux bf5073889b4c 6.12.76-linuxkit #1 SMP Sat Jul 11 11:18:11 UTC 2026 aarch64 aarch64 aarch64 GNU/Linux
#META gcc_version=gcc (Ubuntu 13.3.0-6ubuntu2~24.04.1) 13.3.0
#META mpirun_version=mpirun (Open MPI) 4.1.6
#META openblas_path=/usr/lib/aarch64-linux-gnu/openblas-pthread/libopenblasp-r0.3.26.so
#META run_params=benchmark=stencil threads=2
#META app=stencil
#META app_binary=/work/apps/stencil
---
=== STENCIL RESULT ===
app=stencil
grid_n=384
grid_points=56623104
steps=20
threads=2
flops_per_point=8
total_flops=8.918875e+09
time_s=0.290559
gflops=30.6956
bytes_dram=2.717909e+10
bandwidth_gbps=93.5407
arithmetic_intensity=0.3282
checksum=2.196060e+05
bound=memory
=== END STENCIL RESULT ===
