#META date=2026-09-08T19:48:41+00:00
#META machine_id=adbe98c49884
#META host_os=desconocido
#META hostname=adbe98c49884
#META cpu_model=desconocido
#META arch=aarch64
#META cores_logicos=12
#META cores_fisicos=12
#META mem_total_kb=8126204
#META mem_available_kb=7432932
#META llc_total_bytes=67108864
#META llc_level=2
#META cache_detection_ok=0
#META uname=Linux adbe98c49884 6.12.76-linuxkit #1 SMP Sat Jul 11 11:18:11 UTC 2026 aarch64 aarch64 aarch64 GNU/Linux
#META gcc_version=gcc (Ubuntu 13.3.0-6ubuntu2~24.04.1) 13.3.0
#META mpirun_version=mpirun (Open MPI) 4.1.6
#META openblas_path=/usr/lib/aarch64-linux-gnu/openblas-pthread/libopenblasp-r0.3.26.so
#META run_params=benchmark=npb kernel=cg class=B mode=omp parallelism=2
#META npb_kernel=cg
#META npb_class=B
#META npb_mode=omp
#META npb_binary=/work/benchmarks/NPB3.4.3/NPB3.4-OMP/bin/cg.B.x
---


 NAS Parallel Benchmarks (NPB3.4-OMP) - CG Benchmark

 Size:       75000
 Iterations:                     75
 Number of available threads:     2

 Initialization time =           1.019 seconds

   iteration           ||r||                 zeta
        1       0.22646141369953E-12    59.9994751578754
        5       0.86138656258559E-15    22.6275390653893
       10       0.87631021553402E-15    22.7108351397173
       15       0.86326785182597E-15    22.7126844161815
       20       0.86997682712994E-15    22.7127429721363
       25       0.86546252851126E-15    22.7127453628459
       30       0.86479822164880E-15    22.7127454763706
       35       0.87195669252505E-15    22.7127454822838
       40       0.86461102012696E-15    22.7127454826112
       45       0.86392286404764E-15    22.7127454826306
       50       0.86072458978178E-15    22.7127454826317
       55       0.86143184486933E-15    22.7127454826321
       60       0.84729269701276E-15    22.7127454826318
       65       0.85744777773855E-15    22.7127454826315
       70       0.85792964708058E-15    22.7127454826317
       75       0.85218313732857E-15    22.7127454826317
 Benchmark completed 
 VERIFICATION SUCCESSFUL 
 Zeta is     0.2271274548263E+02
 Error is    0.3284807083840E-13


 CG Benchmark Completed.
 Class           =                        B
 Size            =                    75000
 Iterations      =                       75
 Time in seconds =                    10.38
 Total threads   =                        2
 Avail threads   =                        2
 Mop/s total     =                  5272.66
 Mop/s/thread    =                  2636.33
 Operation type  =           floating point
 Verification    =               SUCCESSFUL
 Version         =                    3.4.3
 Compile date    =              08 Sep 2026

 Compile options:
    FC           = gfortran
    FLINK        = $(FC)
    F_LIB        = (none)
    F_INC        = (none)
    FFLAGS       = -O3 -march=native -fopenmp -fallow-argument...
    FLINKFLAGS   = -O3 -march=native -fopenmp
    RAND         = randi8


 Please send all errors/feedbacks to:

 NPB Development Team
 npb@nas.nasa.gov


