#META date=2026-09-08T19:53:15+00:00
#META machine_id=adbe98c49884
#META host_os=desconocido
#META hostname=adbe98c49884
#META cpu_model=desconocido
#META arch=aarch64
#META cores_logicos=12
#META cores_fisicos=12
#META mem_total_kb=8126204
#META mem_available_kb=7417644
#META llc_total_bytes=67108864
#META llc_level=2
#META cache_detection_ok=0
#META uname=Linux adbe98c49884 6.12.76-linuxkit #1 SMP Sat Jul 11 11:18:11 UTC 2026 aarch64 aarch64 aarch64 GNU/Linux
#META gcc_version=gcc (Ubuntu 13.3.0-6ubuntu2~24.04.1) 13.3.0
#META mpirun_version=mpirun (Open MPI) 4.1.6
#META openblas_path=/usr/lib/aarch64-linux-gnu/openblas-pthread/libopenblasp-r0.3.26.so
#META run_params=benchmark=npb kernel=cg class=C mode=mpi parallelism=2
#META npb_kernel=cg
#META npb_class=C
#META npb_mode=mpi
#META npb_binary=/work/benchmarks/NPB3.4.3/NPB3.4-MPI/bin/cg.C.x
---


 NAS Parallel Benchmarks 3.4 -- CG Benchmark

 Size:     150000  (class C)
 Iterations:    75
 Number of nonzeroes per row:       15
 Eigenvalue shift:   110.000
 Total number of processes:      2

   iteration           ||r||                 zeta
        1       0.34793833413042E-12   109.9994423237398
        5       0.95059153471800E-15    28.6471670038882
       10       0.95490549928593E-15    28.9496695449005
       15       0.95555843742554E-15    28.9716336228368
       20       0.95950201476598E-15    28.9734210663758
       25       0.95282570988791E-15    28.9735863059383
       30       0.95707286764658E-15    28.9736033967627
       35       0.95435444627403E-15    28.9736053266252
       40       0.95053624853807E-15    28.9736055590703
       45       0.94805687929147E-15    28.9736055884132
       50       0.95356117583786E-15    28.9736055922487
       55       0.95174607761566E-15    28.9736055927623
       60       0.94822852848192E-15    28.9736055928346
       65       0.95089528643352E-15    28.9736055928435
       70       0.94935691082188E-15    28.9736055928450
       75       0.94836321260733E-15    28.9736055928458
 Benchmark completed 
 VERIFICATION SUCCESSFUL 
 Zeta is     0.2897360559285E+02
 Error is    0.2709879239913E-13


 CG Benchmark Completed.
 Class           =                        C
 Size            =                   150000
 Iterations      =                       75
 Time in seconds =                    28.01
 Total processes =                        2
 Active processes=                        2
 Mop/s total     =                  5117.42
 Mop/s/process   =                  2558.71
 Operation type  =           floating point
 Verification    =               SUCCESSFUL
 Version         =                    3.4.3
 Compile date    =              08 Sep 2026

 Compile options:
    MPIFC        = mpifort
    FLINK        = $(MPIFC)
    FMPI_LIB     = (none)
    FMPI_INC     = (none)
    FFLAGS       = -O3 -march=native -fallow-argument-mismatch
    FLINKFLAGS   = -O3 -march=native
    RAND         = randi8


 Please send feedbacks and/or the results of this run to:

 NPB Development Team 
 Internet: npb@nas.nasa.gov


