#META date=2026-09-08T06:19:59+00:00
#META machine_id=581449b0732d
#META host_os=desconocido
#META hostname=581449b0732d
#META cpu_model=AMD Ryzen 7 8845HS w/ Radeon 780M Graphics
#META arch=x86_64
#META cores_logicos=16
#META cores_fisicos=8
#META mem_total_kb=7747776
#META mem_available_kb=6833780
#META llc_total_bytes=16777216
#META llc_level=3
#META cache_detection_ok=1
#META uname=Linux 581449b0732d 6.6.87.2-microsoft-standard-WSL2 #1 SMP PREEMPT_DYNAMIC Thu Jun  5 18:30:46 UTC 2025 x86_64 x86_64 x86_64 GNU/Linux
#META gcc_version=gcc (Ubuntu 13.3.0-6ubuntu2~24.04.1) 13.3.0
#META mpirun_version=mpirun (Open MPI) 4.1.6
#META openblas_path=/usr/lib/x86_64-linux-gnu/openblas-pthread/libopenblasp-r0.3.26.so
#META run_params=nprocs=1 threads=8 seconds=5
#META hpcg_binary=/work/benchmarks/hpcg/build/bin/xhpcg
---
--- HPCG-Benchmark summary ---
HPCG-Benchmark
version=3.1
Release date=March 28, 2019
Machine Summary=
Machine Summary::Distributed Processes=1
Machine Summary::Threads per processes=8
Global Problem Dimensions=
Global Problem Dimensions::Global nx=72
Global Problem Dimensions::Global ny=72
Global Problem Dimensions::Global nz=72
Processor Dimensions=
Processor Dimensions::npx=1
Processor Dimensions::npy=1
Processor Dimensions::npz=1
Local Domain Dimensions=
Local Domain Dimensions::nx=72
Local Domain Dimensions::ny=72
Local Domain Dimensions::Lower ipz=0
Local Domain Dimensions::Upper ipz=0
Local Domain Dimensions::nz=72
########## Problem Summary  ##########=
Setup Information=
Setup Information::Setup Time=0.449826
Linear System Information=
Linear System Information::Number of Equations=373248
Linear System Information::Number of Nonzero Terms=9800344
Multigrid Information=
Multigrid Information::Number of coarse grid levels=3
Multigrid Information::Coarse Grids=
Multigrid Information::Coarse Grids::Grid Level=1
Multigrid Information::Coarse Grids::Number of Equations=46656
Multigrid Information::Coarse Grids::Number of Nonzero Terms=1191016
Multigrid Information::Coarse Grids::Number of Presmoother Steps=1
Multigrid Information::Coarse Grids::Number of Postsmoother Steps=1
Multigrid Information::Coarse Grids::Grid Level=2
Multigrid Information::Coarse Grids::Number of Equations=5832
Multigrid Information::Coarse Grids::Number of Nonzero Terms=140608
Multigrid Information::Coarse Grids::Number of Presmoother Steps=1
Multigrid Information::Coarse Grids::Number of Postsmoother Steps=1
Multigrid Information::Coarse Grids::Grid Level=3
Multigrid Information::Coarse Grids::Number of Equations=729
Multigrid Information::Coarse Grids::Number of Nonzero Terms=15625
Multigrid Information::Coarse Grids::Number of Presmoother Steps=1
Multigrid Information::Coarse Grids::Number of Postsmoother Steps=1
########## Memory Use Summary  ##########=
Memory Use Information=
Memory Use Information::Total memory used for data (Gbytes)=0.266758
Memory Use Information::Memory used for OptimizeProblem data (Gbytes)=0
Memory Use Information::Bytes per equation (Total memory / Number of Equations)=714.694
Memory Use Information::Memory used for linear system and CG (Gbytes)=0.234773
Memory Use Information::Coarse Grids=
Memory Use Information::Coarse Grids::Grid Level=1
Memory Use Information::Coarse Grids::Memory used=0.0280408
Memory Use Information::Coarse Grids::Grid Level=2
Memory Use Information::Coarse Grids::Memory used=0.00350554
Memory Use Information::Coarse Grids::Grid Level=3
Memory Use Information::Coarse Grids::Memory used=0.000438633
########## V&V Testing Summary  ##########=
Spectral Convergence Tests=
Spectral Convergence Tests::Result=PASSED
Spectral Convergence Tests::Unpreconditioned=
Spectral Convergence Tests::Unpreconditioned::Maximum iteration count=11
Spectral Convergence Tests::Unpreconditioned::Expected iteration count=12
Spectral Convergence Tests::Preconditioned=
Spectral Convergence Tests::Preconditioned::Maximum iteration count=1
Spectral Convergence Tests::Preconditioned::Expected iteration count=2
Departure from Symmetry |x'Ay-y'Ax|/(2*||x||*||A||*||y||)/epsilon=
Departure from Symmetry |x'Ay-y'Ax|/(2*||x||*||A||*||y||)/epsilon::Result=PASSED
Departure from Symmetry |x'Ay-y'Ax|/(2*||x||*||A||*||y||)/epsilon::Departure for SpMV=7.9787e-08
Departure from Symmetry |x'Ay-y'Ax|/(2*||x||*||A||*||y||)/epsilon::Departure for MG=6.64892e-09
########## Iterations Summary  ##########=
Iteration Count Information=
Iteration Count Information::Result=PASSED
Iteration Count Information::Reference CG iterations per set=50
Iteration Count Information::Optimized CG iterations per set=50
Iteration Count Information::Total number of reference iterations=150
Iteration Count Information::Total number of optimized iterations=150
########## Reproducibility Summary  ##########=
Reproducibility Information=
Reproducibility Information::Result=PASSED
Reproducibility Information::Scaled residual mean=7.66819e-11
Reproducibility Information::Scaled residual variance=2.8414e-42
########## Performance Summary (times in sec) ##########=
Benchmark Time Summary=
Benchmark Time Summary::Optimization phase=2.21e-07
Benchmark Time Summary::DDOT=0.0663651
Benchmark Time Summary::WAXPBY=0.0366231
Benchmark Time Summary::SpMV=0.528802
Benchmark Time Summary::MG=5.94803
Benchmark Time Summary::Total=6.58039
Floating Point Operations Summary=
Floating Point Operations Summary::Raw DDOT=3.38163e+08
Floating Point Operations Summary::Raw WAXPBY=3.38163e+08
Floating Point Operations Summary::Raw SpMV=2.99891e+09
Floating Point Operations Summary::Raw MG=1.67073e+10
Floating Point Operations Summary::Total=2.03826e+10
Floating Point Operations Summary::Total with convergence overhead=2.03826e+10
GB/s Summary=
GB/s Summary::Raw Read B/W=19.0929
GB/s Summary::Raw Write B/W=4.41281
GB/s Summary::Raw Total B/W=23.5057
GB/s Summary::Total with convergence and optimization phase overhead=23.0333
GFLOP/s Summary=
GFLOP/s Summary::Raw DDOT=5.09549
GFLOP/s Summary::Raw WAXPBY=9.23359
GFLOP/s Summary::Raw SpMV=5.67113
GFLOP/s Summary::Raw MG=2.80889
GFLOP/s Summary::Raw Total=3.09747
GFLOP/s Summary::Total with convergence overhead=3.09747
GFLOP/s Summary::Total with convergence and optimization phase overhead=3.03522
User Optimization Overheads=
User Optimization Overheads::Optimization phase time (sec)=2.21e-07
User Optimization Overheads::Optimization phase time vs reference SpMV+MG time=5.83033e-06
DDOT Timing Variations=
DDOT Timing Variations::Min DDOT MPI_Allreduce time=0.00120167
DDOT Timing Variations::Max DDOT MPI_Allreduce time=0.00120167
DDOT Timing Variations::Avg DDOT MPI_Allreduce time=0.00120167
Final Summary=
Final Summary::HPCG result is VALID with a GFLOP/s rating of=3.03522
Final Summary::HPCG 2.4 rating for historical reasons is=3.09747
Final Summary::Reference version of ComputeDotProduct used=Performance results are most likely suboptimal
Final Summary::Reference version of ComputeSPMV used=Performance results are most likely suboptimal
Final Summary::Reference version of ComputeMG used and number of threads greater than 1=Performance results are severely suboptimal
Final Summary::Reference version of ComputeWAXPBY used=Performance results are most likely suboptimal
Final Summary::Results are valid but execution time (sec) is=6.58039
Final Summary::Official results execution time (sec) must be at least=1800
