#META date=2026-09-09T04:57:18+00:00
#META machine_id=bf5073889b4c
#META host_os=desconocido
#META hostname=bf5073889b4c
#META cpu_model=desconocido
#META arch=aarch64
#META cores_logicos=12
#META cores_fisicos=12
#META mem_total_kb=8126204
#META mem_available_kb=7443516
#META llc_total_bytes=67108864
#META llc_level=2
#META cache_detection_ok=0
#META uname=Linux bf5073889b4c 6.12.76-linuxkit #1 SMP Sat Jul 11 11:18:11 UTC 2026 aarch64 aarch64 aarch64 GNU/Linux
#META gcc_version=gcc (Ubuntu 13.3.0-6ubuntu2~24.04.1) 13.3.0
#META mpirun_version=mpirun (Open MPI) 4.1.6
#META openblas_path=/usr/lib/aarch64-linux-gnu/openblas-pthread/libopenblasp-r0.3.26.so
#META run_params=benchmark=nbody threads=8
#META app=nbody
#META app_binary=/work/apps/nbody
---
=== NBODY RESULT ===
app=nbody
n_bodies=8192
steps=10
threads=8
flops_per_interaction=20
total_flops=1.342177e+10
time_s=0.104825
gflops=128.0399
bytes_dram=2.621440e+06
arithmetic_intensity=5120.0000
checksum=-1.610824e+03
bound=compute
=== END NBODY RESULT ===
