#META date=2026-09-08T19:48:52+00:00
#META machine_id=adbe98c49884
#META host_os=desconocido
#META hostname=adbe98c49884
#META cpu_model=desconocido
#META arch=aarch64
#META cores_logicos=12
#META cores_fisicos=12
#META mem_total_kb=8126204
#META mem_available_kb=7432932
#META llc_total_bytes=67108864
#META llc_level=2
#META cache_detection_ok=0
#META uname=Linux adbe98c49884 6.12.76-linuxkit #1 SMP Sat Jul 11 11:18:11 UTC 2026 aarch64 aarch64 aarch64 GNU/Linux
#META gcc_version=gcc (Ubuntu 13.3.0-6ubuntu2~24.04.1) 13.3.0
#META mpirun_version=mpirun (Open MPI) 4.1.6
#META openblas_path=/usr/lib/aarch64-linux-gnu/openblas-pthread/libopenblasp-r0.3.26.so
#META run_params=benchmark=npb kernel=cg class=B mode=omp parallelism=4
#META npb_kernel=cg
#META npb_class=B
#META npb_mode=omp
#META npb_binary=/work/benchmarks/NPB3.4.3/NPB3.4-OMP/bin/cg.B.x
---


 NAS Parallel Benchmarks (NPB3.4-OMP) - CG Benchmark

 Size:       75000
 Iterations:                     75
 Number of available threads:     4

 Initialization time =           0.571 seconds

   iteration           ||r||                 zeta
        1       0.22635805763524E-12    59.9994751578754
        5       0.86223206915505E-15    22.6275390653891
       10       0.87789522322620E-15    22.7108351397172
       15       0.86261710958872E-15    22.7126844161816
       20       0.86933920183255E-15    22.7127429721365
       25       0.86929460443324E-15    22.7127453628460
       30       0.86904709587827E-15    22.7127454763705
       35       0.86230526842201E-15    22.7127454822834
       40       0.86543787167574E-15    22.7127454826115
       45       0.86763402819948E-15    22.7127454826305
       50       0.86258559385916E-15    22.7127454826316
       55       0.85880493519029E-15    22.7127454826316
       60       0.85416193219916E-15    22.7127454826315
       65       0.85613701075692E-15    22.7127454826316
       70       0.85271404465520E-15    22.7127454826317
       75       0.85508296838344E-15    22.7127454826317
 Benchmark completed 
 VERIFICATION SUCCESSFUL 
 Zeta is     0.2271274548263E+02
 Error is    0.3159671575885E-13


 CG Benchmark Completed.
 Class           =                        B
 Size            =                    75000
 Iterations      =                       75
 Time in seconds =                     5.06
 Total threads   =                        4
 Avail threads   =                        4
 Mop/s total     =                 10801.90
 Mop/s/thread    =                  2700.47
 Operation type  =           floating point
 Verification    =               SUCCESSFUL
 Version         =                    3.4.3
 Compile date    =              08 Sep 2026

 Compile options:
    FC           = gfortran
    FLINK        = $(FC)
    F_LIB        = (none)
    F_INC        = (none)
    FFLAGS       = -O3 -march=native -fopenmp -fallow-argument...
    FLINKFLAGS   = -O3 -march=native -fopenmp
    RAND         = randi8


 Please send all errors/feedbacks to:

 NPB Development Team
 npb@nas.nasa.gov


