#META date=2026-09-08T19:53:59+00:00
#META machine_id=adbe98c49884
#META host_os=desconocido
#META hostname=adbe98c49884
#META cpu_model=desconocido
#META arch=aarch64
#META cores_logicos=12
#META cores_fisicos=12
#META mem_total_kb=8126204
#META mem_available_kb=7417644
#META llc_total_bytes=67108864
#META llc_level=2
#META cache_detection_ok=0
#META uname=Linux adbe98c49884 6.12.76-linuxkit #1 SMP Sat Jul 11 11:18:11 UTC 2026 aarch64 aarch64 aarch64 GNU/Linux
#META gcc_version=gcc (Ubuntu 13.3.0-6ubuntu2~24.04.1) 13.3.0
#META mpirun_version=mpirun (Open MPI) 4.1.6
#META openblas_path=/usr/lib/aarch64-linux-gnu/openblas-pthread/libopenblasp-r0.3.26.so
#META run_params=benchmark=npb kernel=cg class=C mode=mpi parallelism=8
#META npb_kernel=cg
#META npb_class=C
#META npb_mode=mpi
#META npb_binary=/work/benchmarks/NPB3.4.3/NPB3.4-MPI/bin/cg.C.x
---


 NAS Parallel Benchmarks 3.4 -- CG Benchmark

 Size:     150000  (class C)
 Iterations:    75
 Number of nonzeroes per row:       15
 Eigenvalue shift:   110.000
 Total number of processes:      8

   iteration           ||r||                 zeta
        1       0.25464118954309E-12   109.9994423237398
        5       0.72737537590128E-15    28.6471670038893
       10       0.72982173316981E-15    28.9496695449003
       15       0.72604226672268E-15    28.9716336228371
       20       0.72611337013412E-15    28.9734210663747
       25       0.72529592632074E-15    28.9735863059382
       30       0.72741723562689E-15    28.9736033967627
       35       0.72391299720443E-15    28.9736053266246
       40       0.72291156144739E-15    28.9736055590700
       45       0.72564433428436E-15    28.9736055884132
       50       0.71910386457850E-15    28.9736055922485
       55       0.72272908482245E-15    28.9736055927632
       60       0.71793792179155E-15    28.9736055928339
       65       0.72009148272608E-15    28.9736055928440
       70       0.71960222352097E-15    28.9736055928455
       75       0.71675159643369E-15    28.9736055928458
 Benchmark completed 
 VERIFICATION SUCCESSFUL 
 Zeta is     0.2897360559285E+02
 Error is    0.2857022004072E-13


 CG Benchmark Completed.
 Class           =                        C
 Size            =                   150000
 Iterations      =                       75
 Time in seconds =                     8.53
 Total processes =                        8
 Active processes=                        8
 Mop/s total     =                 16801.89
 Mop/s/process   =                  2100.24
 Operation type  =           floating point
 Verification    =               SUCCESSFUL
 Version         =                    3.4.3
 Compile date    =              08 Sep 2026

 Compile options:
    MPIFC        = mpifort
    FLINK        = $(MPIFC)
    FMPI_LIB     = (none)
    FMPI_INC     = (none)
    FFLAGS       = -O3 -march=native -fallow-argument-mismatch
    FLINKFLAGS   = -O3 -march=native
    RAND         = randi8


 Please send feedbacks and/or the results of this run to:

 NPB Development Team 
 Internet: npb@nas.nasa.gov


