#META date=2026-09-08T19:50:10+00:00
#META machine_id=adbe98c49884
#META host_os=desconocido
#META hostname=adbe98c49884
#META cpu_model=desconocido
#META arch=aarch64
#META cores_logicos=12
#META cores_fisicos=12
#META mem_total_kb=8126204
#META mem_available_kb=7417644
#META llc_total_bytes=67108864
#META llc_level=2
#META cache_detection_ok=0
#META uname=Linux adbe98c49884 6.12.76-linuxkit #1 SMP Sat Jul 11 11:18:11 UTC 2026 aarch64 aarch64 aarch64 GNU/Linux
#META gcc_version=gcc (Ubuntu 13.3.0-6ubuntu2~24.04.1) 13.3.0
#META mpirun_version=mpirun (Open MPI) 4.1.6
#META openblas_path=/usr/lib/aarch64-linux-gnu/openblas-pthread/libopenblasp-r0.3.26.so
#META run_params=benchmark=npb kernel=cg class=C mode=omp parallelism=1
#META npb_kernel=cg
#META npb_class=C
#META npb_mode=omp
#META npb_binary=/work/benchmarks/NPB3.4.3/NPB3.4-OMP/bin/cg.C.x
---


 NAS Parallel Benchmarks (NPB3.4-OMP) - CG Benchmark

 Size:      150000
 Iterations:                     75
 Number of available threads:     1

 Initialization time =           6.895 seconds

   iteration           ||r||                 zeta
        1       0.35176760854580E-12   109.9994423237398
        5       0.88279645762855E-15    28.6471670038885
       10       0.90708492311756E-15    28.9496695448994
       15       0.90219046934188E-15    28.9716336228364
       20       0.90888256151124E-15    28.9734210663746
       25       0.90497862155223E-15    28.9735863059395
       30       0.91057921683365E-15    28.9736033967622
       35       0.90358890486551E-15    28.9736053266234
       40       0.89983428664235E-15    28.9736055590682
       45       0.90169625908482E-15    28.9736055884116
       50       0.90289817539438E-15    28.9736055922496
       55       0.89667878900193E-15    28.9736055927632
       60       0.90298757207427E-15    28.9736055928341
       65       0.90406162761886E-15    28.9736055928427
       70       0.89773897815979E-15    28.9736055928445
       75       0.89544054687156E-15    28.9736055928454
 Benchmark completed 
 VERIFICATION SUCCESSFUL 
 Zeta is     0.2897360559285E+02
 Error is    0.1336546774437E-13


 CG Benchmark Completed.
 Class           =                        C
 Size            =                   150000
 Iterations      =                       75
 Time in seconds =                    57.13
 Total threads   =                        1
 Avail threads   =                        1
 Mop/s total     =                  2508.95
 Mop/s/thread    =                  2508.95
 Operation type  =           floating point
 Verification    =               SUCCESSFUL
 Version         =                    3.4.3
 Compile date    =              08 Sep 2026

 Compile options:
    FC           = gfortran
    FLINK        = $(FC)
    F_LIB        = (none)
    F_INC        = (none)
    FFLAGS       = -O3 -march=native -fopenmp -fallow-argument...
    FLINKFLAGS   = -O3 -march=native -fopenmp
    RAND         = randi8


 Please send all errors/feedbacks to:

 NPB Development Team
 npb@nas.nasa.gov


